// Jest Snapshot v1, https://goo.gl/fbAQLP

exports[`ExerciseButton renders correctly 1`] = `
<View
  accessibilityState={
    {
      "busy": undefined,
      "checked": undefined,
      "disabled": false,
      "expanded": undefined,
      "selected": undefined,
    }
  }
  accessibilityValue={
    {
      "max": undefined,
      "min": undefined,
      "now": undefined,
      "text": undefined,
    }
  }
  accessible={true}
  collapsable={false}
  focusable={false}
  onClick={[Function]}
  onResponderGrant={[Function]}
  onResponderMove={[Function]}
  onResponderRelease={[Function]}
  onResponderTerminate={[Function]}
  onResponderTerminationRequest={[Function]}
  onStartShouldSetResponder={[Function]}
  style={
    {
      "backgroundColor": "#E2E2E2",
      "borderRadius": 15,
      "marginTop": 15,
      "opacity": 1,
      "width": "100%",
    }
  }
>
  <View
    style={
      [
        {
          "backgroundColor": "#fff",
        },
        {
          "alignItems": "center",
          "backgroundColor": "inherit",
          "height": "auto",
          "paddingBottom": 15,
          "paddingTop": 15,
          "width": "100%",
        },
      ]
    }
  >
    <Text
      style={
        [
          {
            "color": "#11181C",
          },
          {
            "fontSize": 16,
            "lineHeight": 24,
          },
          undefined,
          undefined,
          undefined,
          undefined,
          {
            "fontSize": 45,
            "marginBottom": 5,
          },
        ]
      }
    >
      Push-Ups
    </Text>
    <View
      style={
        [
          {
            "backgroundColor": "#fff",
          },
          {
            "backgroundColor": "black",
            "borderRadius": 15,
            "marginTop": 5,
            "paddingBottom": "2%",
            "paddingLeft": "5%",
            "paddingRight": "5%",
            "paddingTop": "2%",
            "width": "auto",
          },
        ]
      }
    >
      <Text
        style={
          [
            {
              "color": "#11181C",
            },
            {
              "fontSize": 16,
              "lineHeight": 24,
            },
            undefined,
            undefined,
            undefined,
            undefined,
            {
              "color": "white",
              "fontSize": 30,
            },
          ]
        }
      >
        5 Sets
      </Text>
    </View>
  </View>
  <View
    style={
      [
        {
          "backgroundColor": "#F2846C",
        },
        {
          "borderBottomLeftRadius": 15,
          "borderTopLeftRadius": 15,
          "height": "100%",
          "left": 0,
          "position": "absolute",
          "top": 0,
          "width": 18,
        },
      ]
    }
  />
  <View
    accessibilityState={
      {
        "busy": undefined,
        "checked": undefined,
        "disabled": undefined,
        "expanded": undefined,
        "selected": undefined,
      }
    }
    accessibilityValue={
      {
        "max": undefined,
        "min": undefined,
        "now": undefined,
        "text": undefined,
      }
    }
    accessible={true}
    collapsable={false}
    focusable={true}
    onClick={[Function]}
    onResponderGrant={[Function]}
    onResponderMove={[Function]}
    onResponderRelease={[Function]}
    onResponderTerminate={[Function]}
    onResponderTerminationRequest={[Function]}
    onStartShouldSetResponder={[Function]}
    style={
      {
        "borderBottomLeftRadius": 15,
        "borderTopLeftRadius": 15,
        "height": 30,
        "opacity": 1,
        "position": "absolute",
        "right": 15,
        "top": 11,
        "width": 30,
      }
    }
  >
    <Ionicons
      color="#000000"
      name="chevron-down"
      size={30}
    />
  </View>
</View>
`;
